Enter a number of elements: Enter a number: 
You entered:
42 
