Enter a number of elements: Enter a number: Enter a number: Enter a number: Enter a number: Enter a number: 
You entered:
99 12 -5 0 11 
