Enter a positive number: Enter a positive number: 0 
